// Jest Snapshot v1, https://goo.gl/fbAQLP

exports[`ChatRoom it should render 1`] = `
<div
  className="Page__page___11SaW Page__lightTheme___ZzJ_L container-fluid"
>
  <div
    className="Page__navBar___3VWqc"
  >
    <div
      className="row"
    >
      <div
        className="col-10"
      >
        <div
          className="Page__app___25fET"
        >
          <header
            className="Page__appHeader___3GNlT"
          >
            <img
              alt="logo"
              className="Page__appLogo___3bWCs"
              src="/images/react.svg"
            />
            React Chat App
          </header>
        </div>
      </div>
      <div
        className="col-2"
      >
        <div
          className="Page__textRight___80Bv0"
        >
          Dark Mode
          <svg
            aria-hidden="true"
            className="svg-inline--fa fa-toggle-off fa-w-18 fa-2x Page__clickable___17a83 Page__padTop10px___2MDcB"
            data-icon="toggle-off"
            data-prefix="fas"
            focusable="false"
            onClick={[Function]}
            role="img"
            style={Object {}}
            viewBox="0 0 576 512"
            xmlns="http://www.w3.org/2000/svg"
          >
            <path
              d="M384 64H192C85.961 64 0 149.961 0 256s85.961 192 192 192h192c106.039 0 192-85.961 192-192S490.039 64 384 64zM64 256c0-70.741 57.249-128 128-128 70.741 0 128 57.249 128 128 0 70.741-57.249 128-128 128-70.741 0-128-57.249-128-128zm320 128h-48.905c65.217-72.858 65.236-183.12 0-256H384c70.741 0 128 57.249 128 128 0 70.74-57.249 128-128 128z"
              fill="currentColor"
              style={Object {}}
            />
          </svg>
        </div>
      </div>
    </div>
  </div>
  <br />
  <div
    className="Page__content___rCsmc container-fluid"
  >
    <div
      className="row"
    >
      <div
        className="col-sm-4 col-10 offset-sm-4 offset-1"
      >
        <div
          className="ChatRoom__chatroom___1rhtu container"
        >
          <div
            className="light Smartphone__smartphone___VmVC5"
          >
            <div
              className="Smartphone__content___12Svw"
            >
              <div
                className="MessageBoard__light___3wjYC MessageBoard__messageBoard___12gbl"
              >
                Message Board
              </div>
              <div
                className="SendMessageForm__light___3WIoQ SendMessageForm__sendMessageForm___2nHAp"
              >
                Send Message Form
              </div>
            </div>
          </div>
        </div>
      </div>
    </div>
  </div>
</div>
`;
